--------------------------------------------------------------------------------------
Timing Analyzer Summary
--------------------------------------------------------------------------------------

Type           : Worst-case tsu
Slack          : N/A
Required Time  : None
Actual Time    : 3.585 ns
From           : init
To             : sc_sload
From Clock     : --
To Clock       : clk
Failed Paths   : 0

Type           : Worst-case tco
Slack          : N/A
Required Time  : None
Actual Time    : 13.995 ns
From           : ConvolutionN:convN|ConvolutionHV:\gen_lin:5:gen_col:1:con|pixel_out[4]
To             : o[5][1][4]
From Clock     : clk
To Clock       : --
Failed Paths   : 0

Type           : Worst-case th
Slack          : N/A
Required Time  : None
Actual Time    : -1.371 ns
From           : init
To             : sig_count_j[5]
From Clock     : --
To Clock       : clk
Failed Paths   : 0

Type           : Clock Setup: 'clk'
Slack          : N/A
Required Time  : None
Actual Time    : 33.07 MHz ( period = 30.242 ns )
From           : si_addr_i[5]
To             : MemImgROM:imgROM|q[3][0][5]
From Clock     : clk
To Clock       : clk
Failed Paths   : 0

Type           : Clock Hold: 'clk'
Slack          : Not operational: Clock Skew > Data Delay
Required Time  : None
Actual Time    : N/A
From           : MemImgROM:imgROM|q[7][0][3]
To             : sc_img_in[7][0][3]
From Clock     : clk
To Clock       : clk
Failed Paths   : 946

Type           : Total number of failed paths
Slack          : 
Required Time  : 
Actual Time    : 
From           : 
To             : 
From Clock     : 
To Clock       : 
Failed Paths   : 946

--------------------------------------------------------------------------------------

